data: {"chunk": "I"}

data: {"chunk": " am sorry, but based"}

data: {"chunk": " on the provided legal context, there is no information regarding \"cyber terrorism\" or \""}

data: {"chunk": "section 66F\". Therefore, I cannot provide the punishment for cyber terrorism under"}

data: {"chunk": " that section."}

data: {"citations": [{"act": "Bharatiya Nyaya Sanhita, 2023", "section": "113", "chapter": "VI OF OFFENCES AFFECTING THE HUMAN BODY O", "text": "(3) Whoever conspires or attempts to commit, or advocates, abets, advises or incites, directly or knowingly facilitates the commission of a terrorist act or any act preparatory to the commission of a terrorist act, shall be punished with imprisonment...", "id": "BNS-113-2"}, {"act": "Bharatiya Nyaya Sanhita, 2023", "section": "71", "chapter": "V OF OFFENCES AGAINST WOMAN AND CHILD O", "text": "Whoever has been previously convicted of an offence punishable under section 64 or section 65 or section 66 or section 70 and is subsequently convicted of an offence punishable under any of the said sections shall be punished with imprisonment for li...", "id": "BNS-71-1"}, {"act": "Bharatiya Nagarik Suraksha Sanhita, 2023", "section": "533", "chapter": "XXXVIII", "text": "(6) 110 Petty Organised crime or imprisonment for a term which shall not be Non- bailable Any Magistrate organised crime in general. less than one year but which may extend to Cognizable seven years and shall also be liable to fine 111 Offence of ter...", "id": "BNSS-533-10"}, {"act": "Bharatiya Nyaya Sanhita, 2023", "section": "72", "chapter": "V OF OFFENCES AGAINST WOMAN AND CHILD O", "text": "(1) Whoever prints or publishes the name or any matter which may make known the identity of any person against whom an offence under section 64 or section 65 or section 66 or section 67 or section 68 or section 69 or section 70 or section 71 is alleg...", "id": "BNS-72-1"}, {"act": "Bharatiya Nyaya Sanhita, 2023", "section": "111", "chapter": "VI OF OFFENCES AFFECTING THE HUMAN BODY O", "text": "(1) Any continuing unlawful activity including kidnapping, robbery, vehicle theft, extortion, land grabbing, contract killing, economic offence, cyber-crimes, trafficking of persons, drugs, weapons or illicit goods or services, human trafficking for ...", "id": "BNS-111-1"}, {"act": "Bharatiya Sakshya Adhiniyam, 2023", "section": "48", "chapter": "II RELEVANCY OF FACTS", "text": "In a prosecution for an offence under section 64, section 65, section 66, section 67, section 68, section 69, section 70, section 71, section 74, section 75, section 76, section 77 or section 78 of the Bharatiya Nyaya Sanhita, 2023 or for attempt to ...", "id": "BSA-48-1"}, {"act": "Bharatiya Nyaya Sanhita, 2023", "section": "148", "chapter": "VII OF OFFENCES AGAINST THE STATE", "text": "Whoever within or without and beyond India conspires to commit any of the offences punishable by section 147, or conspires to overawe, by means of criminal force or the show of criminal force, the Central Government or any State Government, shall be ...", "id": "BNS-148-1"}, {"act": "Bharatiya Nyaya Sanhita, 2023", "section": "262", "chapter": "XIV OF FALSE EVIDENCE AND OFFENCES AGAINST PUBLIC JUSTICE", "text": "Whoever intentionally offers any resistance or illegal obstruction to the lawful apprehension of himself for any offence with which he is charged or of which he has been convicted, or escapes or attempts to escape from any custody in which he is lawf...", "id": "BNS-262-1"}, {"act": "Bharatiya Nyaya Sanhita, 2023", "section": "52", "chapter": "IV OF ABETMENT", "text": "If the act for which the abettor is liable under section 51 is committed in addition to the act abetted, and constitute a distinct offence, the abettor is liable to punishment for each of the offences. Illustration. A instigates B to resist by force ...", "id": "BNS-52-1"}], "chips": []}

